// Jest Snapshot v1, https://goo.gl/fbAQLP

exports[`structs/base_rollup serializes and prints object 1`] = `
"start_nullifier_tree_snapshot:
root: 0x100
next_available_leaf_index: 256

low_nullifier_leaf_preimages:
[ leaf_value: 0x1000
next_value: 0x1100
next_index: 1200
 leaf_value: 0x1001
next_value: 0x1101
next_index: 1201
 leaf_value: 0x1002
next_value: 0x1102
next_index: 1202
 leaf_value: 0x1003
next_value: 0x1103
next_index: 1203
 leaf_value: 0x1004
next_value: 0x1104
next_index: 1204
 leaf_value: 0x1005
next_value: 0x1105
next_index: 1205
 leaf_value: 0x1006
next_value: 0x1106
next_index: 1206
 leaf_value: 0x1007
next_value: 0x1107
next_index: 1207
 leaf_value: 0x1008
next_value: 0x1108
next_index: 1208
 leaf_value: 0x1009
next_value: 0x1109
next_index: 1209
 leaf_value: 0x100a
next_value: 0x110a
next_index: 120a
 leaf_value: 0x100b
next_value: 0x110b
next_index: 120b
 leaf_value: 0x100c
next_value: 0x110c
next_index: 120c
 leaf_value: 0x100d
next_value: 0x110d
next_index: 120d
 leaf_value: 0x100e
next_value: 0x110e
next_index: 120e
 leaf_value: 0x100f
next_value: 0x110f
next_index: 120f
 leaf_value: 0x1010
next_value: 0x1110
next_index: 1210
 leaf_value: 0x1011
next_value: 0x1111
next_index: 1211
 leaf_value: 0x1012
next_value: 0x1112
next_index: 1212
 leaf_value: 0x1013
next_value: 0x1113
next_index: 1213
 leaf_value: 0x1014
next_value: 0x1114
next_index: 1214
 leaf_value: 0x1015
next_value: 0x1115
next_index: 1215
 leaf_value: 0x1016
next_value: 0x1116
next_index: 1216
 leaf_value: 0x1017
next_value: 0x1117
next_index: 1217
 leaf_value: 0x1018
next_value: 0x1118
next_index: 1218
 leaf_value: 0x1019
next_value: 0x1119
next_index: 1219
 leaf_value: 0x101a
next_value: 0x111a
next_index: 121a
 leaf_value: 0x101b
next_value: 0x111b
next_index: 121b
 leaf_value: 0x101c
next_value: 0x111c
next_index: 121c
 leaf_value: 0x101d
next_value: 0x111d
next_index: 121d
 leaf_value: 0x101e
next_value: 0x111e
next_index: 121e
 leaf_value: 0x101f
next_value: 0x111f
next_index: 121f
 ]
low_nullifier_membership_witness:
[ leaf_index: 2000
sibling_path: [ 0x2000 0x2001 0x2002 0x2003 0x2004 0x2005 0x2006 0x2007 ]
 leaf_index: 2001
sibling_path: [ 0x2001 0x2002 0x2003 0x2004 0x2005 0x2006 0x2007 0x2008 ]
 leaf_index: 2002
sibling_path: [ 0x2002 0x2003 0x2004 0x2005 0x2006 0x2007 0x2008 0x2009 ]
 leaf_index: 2003
sibling_path: [ 0x2003 0x2004 0x2005 0x2006 0x2007 0x2008 0x2009 0x200a ]
 leaf_index: 2004
sibling_path: [ 0x2004 0x2005 0x2006 0x2007 0x2008 0x2009 0x200a 0x200b ]
 leaf_index: 2005
sibling_path: [ 0x2005 0x2006 0x2007 0x2008 0x2009 0x200a 0x200b 0x200c ]
 leaf_index: 2006
sibling_path: [ 0x2006 0x2007 0x2008 0x2009 0x200a 0x200b 0x200c 0x200d ]
 leaf_index: 2007
sibling_path: [ 0x2007 0x2008 0x2009 0x200a 0x200b 0x200c 0x200d 0x200e ]
 leaf_index: 2008
sibling_path: [ 0x2008 0x2009 0x200a 0x200b 0x200c 0x200d 0x200e 0x200f ]
 leaf_index: 2009
sibling_path: [ 0x2009 0x200a 0x200b 0x200c 0x200d 0x200e 0x200f 0x2010 ]
 leaf_index: 200a
sibling_path: [ 0x200a 0x200b 0x200c 0x200d 0x200e 0x200f 0x2010 0x2011 ]
 leaf_index: 200b
sibling_path: [ 0x200b 0x200c 0x200d 0x200e 0x200f 0x2010 0x2011 0x2012 ]
 leaf_index: 200c
sibling_path: [ 0x200c 0x200d 0x200e 0x200f 0x2010 0x2011 0x2012 0x2013 ]
 leaf_index: 200d
sibling_path: [ 0x200d 0x200e 0x200f 0x2010 0x2011 0x2012 0x2013 0x2014 ]
 leaf_index: 200e
sibling_path: [ 0x200e 0x200f 0x2010 0x2011 0x2012 0x2013 0x2014 0x2015 ]
 leaf_index: 200f
sibling_path: [ 0x200f 0x2010 0x2011 0x2012 0x2013 0x2014 0x2015 0x2016 ]
 leaf_index: 2010
sibling_path: [ 0x2010 0x2011 0x2012 0x2013 0x2014 0x2015 0x2016 0x2017 ]
 leaf_index: 2011
sibling_path: [ 0x2011 0x2012 0x2013 0x2014 0x2015 0x2016 0x2017 0x2018 ]
 leaf_index: 2012
sibling_path: [ 0x2012 0x2013 0x2014 0x2015 0x2016 0x2017 0x2018 0x2019 ]
 leaf_index: 2013
sibling_path: [ 0x2013 0x2014 0x2015 0x2016 0x2017 0x2018 0x2019 0x201a ]
 leaf_index: 2014
sibling_path: [ 0x2014 0x2015 0x2016 0x2017 0x2018 0x2019 0x201a 0x201b ]
 leaf_index: 2015
sibling_path: [ 0x2015 0x2016 0x2017 0x2018 0x2019 0x201a 0x201b 0x201c ]
 leaf_index: 2016
sibling_path: [ 0x2016 0x2017 0x2018 0x2019 0x201a 0x201b 0x201c 0x201d ]
 leaf_index: 2017
sibling_path: [ 0x2017 0x2018 0x2019 0x201a 0x201b 0x201c 0x201d 0x201e ]
 leaf_index: 2018
sibling_path: [ 0x2018 0x2019 0x201a 0x201b 0x201c 0x201d 0x201e 0x201f ]
 leaf_index: 2019
sibling_path: [ 0x2019 0x201a 0x201b 0x201c 0x201d 0x201e 0x201f 0x2020 ]
 leaf_index: 201a
sibling_path: [ 0x201a 0x201b 0x201c 0x201d 0x201e 0x201f 0x2020 0x2021 ]
 leaf_index: 201b
sibling_path: [ 0x201b 0x201c 0x201d 0x201e 0x201f 0x2020 0x2021 0x2022 ]
 leaf_index: 201c
sibling_path: [ 0x201c 0x201d 0x201e 0x201f 0x2020 0x2021 0x2022 0x2023 ]
 leaf_index: 201d
sibling_path: [ 0x201d 0x201e 0x201f 0x2020 0x2021 0x2022 0x2023 0x2024 ]
 leaf_index: 201e
sibling_path: [ 0x201e 0x201f 0x2020 0x2021 0x2022 0x2023 0x2024 0x2025 ]
 leaf_index: 201f
sibling_path: [ 0x201f 0x2020 0x2021 0x2022 0x2023 0x2024 0x2025 0x2026 ]
 ]
historic_private_data_tree_root_membership_witnesses:
[ leaf_index: 3000
sibling_path: [ 0x3000 0x3001 0x3002 0x3003 0x3004 0x3005 0x3006 0x3007 ]
 leaf_index: 4000
sibling_path: [ 0x4000 0x4001 0x4002 0x4003 0x4004 0x4005 0x4006 0x4007 ]
 ]
historic_contract_tree_root_membership_witnesses:
[ leaf_index: 5000
sibling_path: [ 0x5000 0x5001 0x5002 0x5003 0x5004 0x5005 0x5006 0x5007 ]
 leaf_index: 6000
sibling_path: [ 0x6000 0x6001 0x6002 0x6003 0x6004 0x6005 0x6006 0x6007 ]
 ]
constants:
start_tree_of_historic_private_data_tree_roots_snapshot:
 root: 0x100
next_available_leaf_index: 256

start_tree_of_historic_contract_tree_roots_snapshot:
root: 0x200
next_available_leaf_index: 512

tree_of_historic_l1_to_l2_msg_tree_roots_snapshot:
root: 0x300
next_available_leaf_index: 768

private_kernel_vk_tree_root: 0x400
public_kernel_vk_tree_root: 0x500
base_rollup_vk_hash: 0x600
merge_rollup_vk_hash: 0x700

prover_id: 0x42
"
`;
