// Jest Snapshot v1, https://goo.gl/fbAQLP

exports[`basic PrivateCircuitPublicInputs serialization serializes a trivial PrivateCircuitPublicInputs and prints it 1`] = `
"call_context: msg_sender: 0x1
storage_contract_address: 0x2
tx_origin: 0x3
is_delegate_call: 1
is_static_call: 1
is_contract_deployment: 1

args: [ 0x1 0x2 0x3 0x4 0x5 0x6 0x7 0x8 ]
return_values: [ 0x201 0x202 0x203 0x204 ]
emitted_events: [ 0x101 0x102 0x103 0x104 ]
new_commitments: [ 0x301 0x302 0x303 0x304 ]
new_nullifiers: [ 0x401 0x402 0x403 0x404 ]
private_call_stack: [ 0x501 0x502 0x503 0x504 ]
public_call_stack: [ 0x601 0x602 0x603 0x604 ]
l1_msg_stack: [ 0x701 0x702 ]
historic_private_data_tree_root: 0x901
historic_nullifier_tree_root: 0x1001
contract_deployment_data: constructor_vk_hash: 0x1
function_tree_root: 0x2
contract_address_salt: 0x3
portal_contract_address: 0x4

contract_deployment_data: constructor_vk_hash: 0x1
function_tree_root: 0x2
contract_address_salt: 0x3
portal_contract_address: 0x4

"
`;
